exports["chai-snapshot-matcher - matchSpecificSapshot - use matchSpecificSnapshot to save the snapshots in nested folders (util to execute the same tests in different environments)"] = "prd environment";

