exports["chai-snapshot-matcher - matchSnapshot - use the folder attribute to save the snapshots in nested folders (util to execute the same tests in different environments)"] = "prd environment";

