exports["Snapshot with a custom name, saved in a nested folder"] = "Last example";

